{
  "id": "1",
  "title": "Two Sum",
  "slug": "two-sum",
  "difficulty": "EASY",
  "content_first_200": "\u003cp\u003eGiven an array of integers \u003ccode\u003enums\u003c/code\u003e and an integer \u003ccode\u003etarget\u003c/code\u003e, return \u003cem\u003eindices of the two numbers such that they add up to \u003ccode\u003etarget\u003c/code\u003e\u003c/em\u003e.\u003c/p\u003e\n\n\u003cp\u003eYou may assume that...",
  "tags": [
    "Array",
    "Hash Table"
  ]
}