Source: telegram_algorithms
Name: algoses
URL: https://t.me/algoses/99
Hash: not-set-on-rawtask
ContentLen: 325
---
Implement a function to reverse a linked list.

Example:
Input: 1 -> 2 -> 3 -> null
Output: 3 -> 2 -> 1 -> null

Follow up:
```python
def reverseList(head):
    prev = None
    curr = head
    while curr:
        next_temp = curr.next
        curr.next = prev
        prev = curr
        curr = next_temp
    return prev
```
